<html>
<body>
<pre>
<h1>µVision Build Log</h1>
<h2>Tool Versions:</h2>
IDE-Version: µVision V5.15
Copyright (C) 2015 ARM Ltd and ARM Germany GmbH. All rights reserved.
License Information: Tuyen Microsoft, Microsoft, LIC=CZL01-CJ4E8-HLICL-0NADN-UCXLS-AVJYY
 
Tool Versions:
Toolchain:       MDK-ARM Standard  Version: 5.15.0
Toolchain Path:  C:\Keil_v5\ARM\ARMCC\Bin
C Compiler:      Armcc.exe V5.05 update 2 (build 169)
Assembler:       Armasm.exe V5.05 update 2 (build 169)
Linker/Locator:  ArmLink.exe V5.05 update 2 (build 169)
Library Manager: ArmAr.exe V5.05 update 2 (build 169)
Hex Converter:   FromElf.exe V5.05 update 2 (build 169)
CPU DLL:         SARMCM3.DLL V5.15.0
Dialog DLL:      DCM.DLL V1.13.2.0
Target DLL:      Segger\JL2CM3.dll V2.99.15.0
Dialog DLL:      TCM.DLL V1.14.5.0
 
<h2>Project:</h2>
D:\GitHub\STM32F103\I2C_Demo\MDK-ARM\I2C_Demo.uvprojx
Project File Date:  05/08/2018

<h2>Output:</h2>
*** Using Compiler 'V5.05 update 2 (build 169)', folder: 'C:\Keil_v5\ARM\ARMCC\Bin'
Build target 'I2C_Demo'
compiling RspHandle.c...
../Inc/SerialTransmit.h(42): warning:  #1-D: last line of file ends without a newline
  #endif
..\Src\RspHandle.c(72): warning:  #192-D: unrecognized character escape sequence
                DebugPutString("\r\SLAVE_BROADCAST_ADDRESS\r\n");       
..\Src\RspHandle.c(75): warning:  #111-D: statement is unreachable
        DebugPutString("OK ");
..\Src\RspHandle.c(85): warning:  #111-D: statement is unreachable
                                break;
..\Src\RspHandle.c(88): warning:  #111-D: statement is unreachable
                                break;
..\Src\RspHandle.c(95): warning:  #111-D: statement is unreachable
                                break;
..\Src\RspHandle.c(98): warning:  #111-D: statement is unreachable
                                break;
..\Src\RspHandle.c(101): warning:  #111-D: statement is unreachable
                                break;
..\Src\RspHandle.c(104): warning:  #111-D: statement is unreachable
                                break;
..\Src\RspHandle.c(107): warning:  #111-D: statement is unreachable
                                break;
..\Src\RspHandle.c(110): warning:  #111-D: statement is unreachable
                                break;
..\Src\RspHandle.c(113): warning:  #111-D: statement is unreachable
                                break;
..\Src\RspHandle.c: 12 warnings, 0 errors
linking...
Program Size: Code=22544 RO-data=1140 RW-data=704 ZI-data=5800  
"I2C_Demo\I2C_Demo.axf" - 0 Error(s), 12 Warning(s).

<h2>Software Packages used:</h2>

Package Vendor: ARM
                http://www.keil.com/pack/ARM.CMSIS.4.3.0.pack
                ARM::CMSIS:CORE:4.1.0
                CMSIS (Cortex Microcontroller Software Interface Standard)
   * Component: CORE Version: 4.1.0

<h2>Collection of Component include folders:</h2>
  D:\GitHub\STM32F103\I2C_Demo\MDK-ARM\RTE
  C:\Keil_v5\ARM\PACK\ARM\CMSIS\4.3.0\CMSIS\Include
  C:\Keil_v5\ARM\PACK\Keil\STM32F1xx_DFP\2.1.0\Device\Include

<h2>Collection of Component Files used:</h2>

   * Component: ARM::CMSIS:CORE:4.1.0
</pre>
</body>
</html>
